AP	ADJ
APC	ADJ
APS	ADJ
AQ	ADJ
AQ-DFD	ADJ
AQ-DFN	ADJ
AQ-P	ADJ
AQ-PFD	ADJ
AQ-PFG	ADJ
AQ-PFN	ADJ
AQ-PFV	ADJ
AQ-PMD	ADJ
AQ-PMG	ADJ
AQ-PMN	ADJ
AQ-PMV	ADJ
AQ-S	ADJ
AQ-SFD	ADJ
AQ-SFG	ADJ
AQ-SFN	ADJ
AQ-SFV	ADJ
AQ-SMD	ADJ
AQ-SMG	ADJ
AQ-SMN	ADJ
AQ-SMV	ADJ
AR	ADJ
AV	ADJ
CC	CONJ
CS	CONJ
CS+QQ	CONJ
CSW	CONJ
DD	DET
DP1P	DET
DP2P	DET
DP3P	DET
DP1S	DET
DP2S	DET
DP3SF	DET
DP3SM	DET
DQ	DET
FB	.
FE	.
FG	.
FI	.
FQ	.
FU	.
FZ	.
I	X
MC	NUM
MN	NUM
MO	NUM
MR	NUM
MS	NUM
NCDFD	NOUN
NCDFDE	NOUN
NCDFN	NOUN
NCDFNE	NOUN
NCPFD	NOUN
NCPFDE	NOUN
NCPFG	NOUN
NCPFGE	NOUN
NCPFN	NOUN
NCPFNE	NOUN
NCPFV	NOUN
NCPMD	NOUN
NCPMDE	NOUN
NCPMG	NOUN
NCPMGE	NOUN
NCPMN	NOUN
NCPMNE	NOUN
NCPMV	NOUN
NCSFD	NOUN
NCSFDE	NOUN
NCSFG	NOUN
NCSFGE	NOUN
NCSFN	NOUN
NCSFN+PR1S	NOUN
NCSFNE	NOUN
NCSFV	NOUN
NCSMD	NOUN
NCSMDE	NOUN
NCSMG	NOUN
NCSMGE	NOUN
NCSMN	NOUN
NCSMN+PR1S	NOUN
NCSMNE	NOUN
NCSMV	NOUN
NF	NOUN
NF---E	NOUN
NN	NOUN
NN-FD	NOUN
NN-FG	NOUN
NN-FN	NOUN
NN-FV	NOUN
NN-MD	NOUN
NN-MG	NOUN
NN-MN	NOUN
NN-MV	NOUN
NT	NOUN
NV	VERB
NV---E	VERB
PD	PRON
PN	PRON
PP1P	PRON
PP1P--E	PRON
PP2P	PRON
PP2P--E	PRON
PP3P	PRON
PP3P--E	PRON
PP3P-N	PRON
PP3P-NE	PRON
PP1S	PRON
PP1S--E	PRON
PP2S	PRON
PP2S--E	PRON
PP3SF	PRON
PP3SF-E	PRON
PP3SFN	PRON
PP3SFNE	PRON
PP3SM	PRON
PP3SM-E	PRON
PP3SMN	PRON
PP3SMNE	PRON
PR1P	PRON
PR1P--E	PRON
PR2P	PRON
PR2P--E	PRON
PR3P	PRON
PR3P--E	PRON
PR1S	PRON
PR1S--E	PRON
PR2S	PRON
PR2S--E	PRON
PR3SF	PRON
PR3SF-E	PRON
PR3SM	PRON
PR3SM-E	PRON
PX	PRON
QA	PRT
QA+Q--S	PRT
QN	PRT
QNM	PRT
QNR	PRT
QQ	PRT
QQ+Q--S	PRT
Q-R	PRT
Q-S	PRT
Q--S	PRT
RG	ADV
RG+CC	ADV
RS	ADV
RT	ADV
SA	ADP
SAP1P	ADP
SAP2P	ADP
SAP3P	ADP
SAP1S	ADP
SAP2S	ADP
SAP3SF	ADP
SAP3SM	ADP
SP	ADP
SP+DP2S	ADP
SP+Q-R	ADP
SPA-P	ADP
SPA-S	ADP
SPP1P	ADP
SPP2P	ADP
SPP3P	ADP
SPP1S	ADP
SPP2S	ADP
SPP3SF	ADP
SPP3SM	ADP
SPR	ADP
SPV	ADP
TDP	DET
TDPF	DET
TDPFG	DET
TDP-G	DET
TDPM	DET
TDPMG	DET
TDS	DET
TDSF	DET
TDSFG	DET
TDS-G	DET
TDSM	DET
TDSMG	DET
UA	PRT
UC	PRT
UF	PRT
UG	PRT
UM	PRT
UO	PRT
UP	PRT
UQ	CONJ
UQ+V-P--D	CONJ
UV	PRT
V-F	VERB
V-F--D	VERB
V-F--R	VERB
V-F0	VERB
V-F0-D	VERB
V-H	VERB
V-H--D	VERB
V-H0	VERB
V-H0-D	VERB
V-H1P	VERB
V-H1PD	VERB
V-H1S	VERB
V-H1SD	VERB
V-H1SDE	VERB
V-H1S-E	VERB
VM-1P	VERB
VM-2P	VERB
VM-3	VERB
VM-1S	VERB
VM-2S	VERB
V-P	VERB
V-P--D	VERB
V-P0	VERB
V-P0-D	VERB
V-S	VERB
V-S--D	VERB
V-S0	VERB
V-S0-D	VERB
WPDIA	VERB
WPDIN	VERB
WPDQA	VERB
WPDQN	VERB
WP-I	VERB
WP-I-3	VERB
WP-IN	VERB
WP-I-X	VERB
WPR	VERB
WS	VERB
XA	X
XD	X
XE	X
XF	X
XFE	X
XSC	X
XSEV	X
XSI	X
XSP	X
XW	X
XX	X
XY	X
Y	X
